
apoc 是一个neo4j 的插件 ，支持多种算法，和导出

首先下载 apoc（下载地址： https://github.com/neo4j-contrib/neo4j-apoc-procedures/releases/download/3.2.3.5/apoc-3.2.3.5-all.jar，
或者：https://github.com/neo4j-contrib/neo4j-apoc-procedures/releases
不同版本的neo4j需要的插件版本也不同，具体映射关系见：https://github.com/neo4j-contrib/neo4j-apoc-procedures）,
放到neo4j 目录下的plugins 目录下，重启neo4j就可以了，

APOC针对不同的版本的neo4j使用方法不一定一样（https://neo4j-contrib.github.io/neo4j-apoc-procedures/， https://neo4j-contrib.github.io/neo4j-apoc-procedures/index32.html；等）

但是直接使用 call apoc.* 等命令会报错

Neo.ClientError.Procedure.ProcedureRegistrationFailed
apoc.export.graphml.query is not available due to having restricted access rights, check configuration.

这是因为需要对neo4j进行配置
在 neo4j conf目录下， 修改neo4j.conf 文件 ，添加
下面两句：

dbms.security.procedures.unrestricted=apoc.*
apoc.import.file.enabled=true
apoc.export.file.enabled=true
#dbms.directories.plugins=plugins
就可以正常使用了


docker中使用示例：

CALL apoc.export.csv.query("MATCH (a:Shiyi)RETURN a.name AS name", "/home/gswewf/docker/neo4j/result.csv", {})

ERROR Neo.ClientError.Procedure.ProcedureNotFound
There is no procedure with the name `apoc.export.csv.query` registered for this database instance. Please ensure you've spelled the procedure name correctly and that the procedure is properly deployed.

gswewf@gswewf-PC:~/docker/neo4j/linshi$ mkdir plugins
gswewf@gswewf-PC:~/docker/neo4j/linshi$ pushd plugins
~/docker/neo4j/linshi/plugins ~/docker/neo4j/linshi
gswewf@gswewf-PC:~/docker/neo4j/linshi/plugins$ wget https://github.com/neo4j-contrib/neo4j-apoc-procedures/releases/download/3.2.3.5/apoc-3.2.3.5-all.jar
gswewf@gswewf-PC:~/docker/neo4j/linshi/plugins$ popd
~/docker/neo4j/linshi
gswewf@gswewf-PC:~/docker/neo4j/linshi$ docker run --rm -e NEO4J_AUTH=none -p 7474:7474 -v $PWD/plugins:/plugins -v $PWD/data:/data -p 7687:7687 -e NEO4J_dbms_security_procedures_unrestricted=apoc.\\\* neo4j:3.2.5

运行：CALL apoc.export.csv.query("MATCH (a:Movie)RETURN a.title AS title, a.year as year", "/home/gswewf/docker/neo4j/result.csv", {})

ERROR
Neo.ClientError.Procedure.ProcedureCallFailed
Failed to invoke procedure `apoc.export.csv.query`: Caused by: java.lang.RuntimeException: Export to files not enabled, please set apoc.export.file.enabled=true in your neo4j.conf

gswewf@gswewf-PC:~/docker/neo4j/linshi$ docker run --rm -e NEO4J_AUTH=none -p 7474:7474 -v $PWD/plugins:/plugins -v $PWD/data:/data -p 7687:7687 -e NEO4J_dbms_security_procedures_unrestricted=apoc.\\\* -e NEO4J_apoc_export_file_enabled=true neo4j

运行： CALL apoc.export.csv.query("MATCH (a:Movie)RETURN a.title AS title, a.year as year", "/home/gswewf/docker/neo4j/result.csv", {})

ERROR
Neo.ClientError.Procedure.ProcedureCallFailed
Failed to invoke procedure `apoc.export.csv.query`: Caused by: java.io.FileNotFoundException: /home/gswewf/docker/neo4j/result.csv (No such file or directory)

原因是export的路径在neo4j的docker容器中不存在，修改路径名，重试：
运行： CALL apoc.export.csv.query("MATCH (a:Movie)RETURN a.title AS title, a.year as year", "/var/lib/neo4j/result.csv", {})

gswewf@gswewf-PC:~/docker/neo4j/linshi$ docker exec -it modest_lumiere /bin/bash
bash-4.3# ls
LICENSE.txt   LICENSES.txt  NOTICE.txt    README.txt    UPGRADE.txt   bin           certificates  conf          data          import        lib           logs          plugins       run
bash-4.3# pwd
/var/lib/neo4j
bash-4.3# ls
LICENSE.txt   LICENSES.txt  NOTICE.txt    README.txt    UPGRADE.txt   bin           certificates  conf          data          import        lib           logs          plugins       result.csv    run
bash-4.3# head result.csv 
"title","year"
"The Matrix","1999"
"The Matrix Reloaded","2003"
"天龙八部","2003"


CALL apoc.export.csv.all("/var/lib/neo4j/result_all.csv", {})

bash-4.3# head result_all.csv 
"_id","_labels","movieId","title","year","personId","name","id","_start","_end","_type","role"
"0",":Movie","tt0133093","The Matrix","1999","","","",,,,
"1",":Movie:Sequel","tt0234215","The Matrix Reloaded","2003","","","",,,,
"2",":Movie:武装","tt0242653","天龙八部","2003","","","",,,,
"3",":Actor","","","","keanu","Keanu Reeves","",,,,
"4",":Actor","","","","laurence","Laurence Fishburne","",,,,
"5",":Actor","","","","carrieanne","Carrie-Anne Moss","",,,,
"6",":Person2","","","","","Charlie Sheen","1",,,,
"7",":Person2","","","","","Oliver Stone","2",,,,
"8",":Person2","","","","","Michael Douglas","3",,,,

CALL apoc.export.cypher.all("/var/lib/neo4j/result_all.cypher",{})

bash-4.3# head result_all.cypher 
BEGIN
CREATE (:`Movie`:`UNIQUE IMPORT LABEL` {`movieId`:"tt0133093", `title`:"The Matrix", `year`:1999, `UNIQUE IMPORT ID`:0});
CREATE (:`Movie`:`Sequel`:`UNIQUE IMPORT LABEL` {`movieId`:"tt0234215", `title`:"The Matrix Reloaded", `year`:2003, `UNIQUE IMPORT ID`:1});
CREATE (:`Movie`:`武装`:`UNIQUE IMPORT LABEL` {`movieId`:"tt0242653", `title`:"天龙八部", `year`:2003, `UNIQUE IMPORT ID`:2});
CREATE (:`Actor`:`UNIQUE IMPORT LABEL` {`name`:"Keanu Reeves", `personId`:"keanu", `UNIQUE IMPORT ID`:3});
CREATE (:`Actor`:`UNIQUE IMPORT LABEL` {`name`:"Laurence Fishburne", `personId`:"laurence", `UNIQUE IMPORT ID`:4});
CREATE (:`Actor`:`UNIQUE IMPORT LABEL` {`name`:"Carrie-Anne Moss", `personId`:"carrieanne", `UNIQUE IMPORT ID`:5});
CREATE (:`Person2`:`UNIQUE IMPORT LABEL` {`id`:1, `name`:"Charlie Sheen", `UNIQUE IMPORT ID`:6});
CREATE (:`Person2`:`UNIQUE IMPORT LABEL` {`id`:2, `name`:"Oliver Stone", `UNIQUE IMPORT ID`:7});
CREATE (:`Person2`:`UNIQUE IMPORT LABEL` {`id`:3, `name`:"Michael Douglas", `UNIQUE IMPORT ID`:8});


# 从json文件中导入数据到neo4j:
call apoc.load.json("https://onodo.org/api/visualizations/21/nodes/") yield value
create (n:Person) set n+=value
with count(*) as nodes
call apoc.load.json("https://onodo.org/api/visualizations/21/relations/") yield value
match (a:Person {id:value.source_id})
match (b:Person {id:value.target_id})
call apoc.create.relationship(a,value.relation_type,{},b) yield rel
return nodes, count(*) as relationships


# 更多示例：https://neo4j-contrib.github.io/neo4j-apoc-procedures/#_export_to_csv

CALL apoc.export.csv.query("MATCH (u:User)-[r:RATED]->(m:Movie) RETURN u.name, r.rating, m.title LIMIT 10", "results.csv", {})
CALL apoc.export.csv.query("MATCH (a:Person) RETURN a.name AS name", "/home/xyzuser/neo4j-community-3.2.6/test/result.csv", {})


导出数据：
CALL apoc.export.cypher.all("/var/lib/neo4j/guoxinzhengquan_all.cypher",{})
导出文件："/var/lib/neo4j/guoxinzhengquan_all.cypher"
gswewf@gswewf-PC:~/hello-world/neo4j$ docker exec -it guoxinzhengquan_47474 /bin/bash
bash-4.4# pwd
/var/lib/neo4j
bash-4.4# ls
LICENSE.txt                 README.txt                  certificates                guoxinzhengquan_all.cypher  logs
LICENSES.txt                UPGRADE.txt                 conf                        import                      plugins
NOTICE.txt                  bin                         data                        lib                         run
bash-4.4#

导入数据：
gswewf@gswewf-PC:~/hello-world/neo4j$ docker exec -it multiple_projects_7474 /bin/bash
# 更改neo4j配置，使之运行通过shell端操作
bash-4.4# vi conf/neo4j.conf
# Enable a remote shell server which Neo4j Shell clients can log in to.
dbms.shell.enabled=true
# The network interface IP the shell will listen on (use 0.0.0.0 for all interfaces).
dbms.shell.host=127.0.0.1
# The port the shell will listen on, default is 1337.
dbms.shell.port=1337

或者在启动neo4j容器时，设置对应-e参数：
gswewf@gswewf-PC:~/docker/neo4j/multiple_projects$ docker run --detach --name=multiple_projects_7474  -e NEO4J_AUTH=neo4j/gswewf -p 7474:7474 -v $PWD/plugins:/plugins -v $PWD/data:/data -p 7687:7687 -e NEO4J_dbms_security_procedures_unrestricted=apoc.\\\* -e NEO4J_apoc_export_file_enabled=true -e NEO4J_apoc_import_file_enabled=true --env NEO4J_dbms_allow__format__migration=true -e NEO4J_dbms_shell_enabled=true -e NEO4J_dbms_shell_host=127.0.0.1 -e NEO4J_dbms_shell_port=1337 neo4j:3.2.5
a4f825189aec36369c38a97e6de83441e7dc8415013e283a87b0eb378334c07b
gswewf@gswewf-PC:~/docker/neo4j/guoxinzhengquan$ docker cp guoxinzhengquan_all.cypher multiple_projects_7474:/var/lib/neo4j/
gswewf@gswewf-PC:~/docker/neo4j/multiple_projects$ docker exec -it multiple_projects_7474 /bin/bash
bash-4.4# pwd
/var/lib/neo4j
bash-4.4# ./bin/neo4j-shell -host 127.0.0.1 -port 1337 -file /var/lib/neo4j/guoxinzhengquan_all.cypher

# 导入数据也可以(但这种方法导出的数据仅仅是节点，对应的关系并不能导入)：
call apoc.cypher.runFile("/var/lib/neo4j/guoxinzhengquan_all.cypher")


# 导出部分数据： 
call apoc.export.cypher.query("MATCH (n:Baodanxinxi) OPTIONAL MATCH (n)-[r]-(n2) RETURN n,r,n2","/var/lib/neo4j/data/zdal_baodanxinxi.cypher",{})

# 导入：
bash-4.4# ./bin/neo4j-shell -file data/zdal_baodanxinxi.cypher

# 导出数据到文件
call apoc.export.cypher.all('/var/lib/neo4j/data/all_baoxian_20181114_1423.plain.cypher', {format:'plain'})

# 从文件中导入数据到neo4j(此方法写的速度非常慢，2万个节点约需要30min)
call apoc.cypher.runFile('/var/lib/neo4j/data/all_baoxian_20181114_1423.plain.cypher')
# 或者
time ./cypher-shell -u neo4j -p gswyhq
"call apoc.cypher.runFile('/var/lib/neo4j/data/all_baoxian_20181114_1423.plain.cypher')"

导出实体及关系：
MATCH (movie: Movie { title: 'Top Gun' })<-[acted_in: ACTED_IN]-(actor: Person)
WITH collect(distinct actor) + movie as nodes, collect(distinct acted_in) as relationships
CALL apoc.export.csv.data([], relationships, 'edges.csv', {}) YIELD file as edgefile
CALL apoc.export.csv.data(nodes, [], 'nodes.csv', {}) YIELD file as nodefile
RETURN edgefile, nodefile

nodes.csv
"_id","_labels","born","name","released","tagline","title","_start","_end","_type"
"31",":Person","1959","Val Kilmer","","","",,,
"34",":Person","1961","Meg Ryan","","","",,,
"33",":Person","1933","Tom Skerritt","","","",,,
"30",":Person","1957","Kelly McGillis","","","",,,
"16",":Person","1962","Tom Cruise","","","",,,
"32",":Person","1962","Anthony Edwards","","","",,,
"29",":Movie","","","Top Gun","1986","I feel the need, the need for speed.",,,

edges.csv
"_id","_labels","_start","_end","_type","roles"
,,"16","29","ACTED_IN","[""Maverick""]"
,,"30","29","ACTED_IN","[""Charlie""]"
,,"31","29","ACTED_IN","[""Iceman""]"
,,"32","29","ACTED_IN","[""Goose""]"
,,"33","29","ACTED_IN","[""Viper""]"
,,"34","29","ACTED_IN","[""Carole""]"

